[
  { "r1": "testing" },
  { "r2": [ "Some", 2 ] },
  { "r2": "None" },
  { "r3": [ "Some", 3 ] },
  { "r3": "None" },
  { "r4": true },
  { "r5": [ "Some", 5 ] },
  { "r5": "None" },
  { "r6": 6 },
  { "r6": 42 },
  { "r7": -1000 },
  { "r8": [ 1, 2, 3 ] },
  [ "foo", "bar" ],
  [],
  null,
  [ 1, 2, 3 ],
  "c",
  [ 100, "foo" ],
  [ 100, 200, 42 ],
  [ 100, 200, -1 ],
  [
    "V1",
    "v22",
    [ "V3", "testing" ],
    [ "V4", 255 ],
    [ "V5", "None" ],
    [ "V5", [ "Some", true ] ]
  ],
  { "v2": "A" },
  { "v2": [ "B", 100 ] },
  [ "C1", [ "C2", true ], [ "C2", false ] ],
  [ 50, 30, 1, 100 ]
]